ListTaken
--------------------------------------------------
SM3601 Games Prototyping and Design
CRN: 31623
Time: Friday 0900-1150

CS3402 Database Systems
CRN: 45550
Time: Tuesday 1500-1650

SM2202 Micro-Narratives
CRN: 46836
Time: Wednesday 1500-1750

