ListTaken
--------------------------------------------------
GE1401 University English
GE1202 Managing Your Personal Finance
LW2600 Legal Research and Writing
GE1325 From Ideas to Innovative Design
LW2600 Legal Research and Writing
LW2602A Law of Contract I
LW2602B Law of Contract II
LW2601 Hong Kong Legal System
LW2603A Law of Tort I
LW2603B Law of Tort II
